// Jest Snapshot v1, https://goo.gl/fbAQLP

exports[` 1`] = `
Array [
  Object {
    "Bulbasaur": Array [],
  },
  Object {
    "Ivysaur": Array [],
  },
  Object {
    "Venusaur": Array [
      "Mega",
    ],
  },
  Object {
    "Charmander": Array [],
  },
  Object {
    "Charmeleon": Array [],
  },
  Object {
    "Charizard": Array [
      "Mega-X",
      "Mega-Y",
      "Gigantamax",
    ],
  },
  Object {
    "Squirtle": Array [],
  },
  Object {
    "Wartortle": Array [],
  },
  Object {
    "Blastoise": Array [
      "Mega",
    ],
  },
  Object {
    "Caterpie": Array [],
  },
  Object {
    "Metapod": Array [],
  },
  Object {
    "Butterfree": Array [
      "Gigantamax",
    ],
  },
  Object {
    "Weedle": Array [],
  },
  Object {
    "Kakuna": Array [],
  },
  Object {
    "Beedrill": Array [
      "Mega",
    ],
  },
  Object {
    "Pidgey": Array [],
  },
  Object {
    "Pidgeotto": Array [],
  },
  Object {
    "Pidgeot": Array [
      "Mega",
    ],
  },
  Object {
    "Rattata": Array [
      "Alolan",
    ],
  },
  Object {
    "Raticate": Array [
      "Alolan",
    ],
  },
  Object {
    "Spearow": Array [],
  },
  Object {
    "Fearow": Array [],
  },
  Object {
    "Ekans": Array [],
  },
  Object {
    "Arbok": Array [],
  },
  Object {
    "Pikachu": Array [
      "Rock Star",
      "Belle",
      "Pop Star",
      "Ph. D",
      "Libre",
      "Original Cap",
      "Hoenn Cap",
      "Sinnoh Cap",
      "Unova Cap",
      "Kalos Cap",
      "Alola Cap",
      "Partner Cap",
      "Gigantamax",
    ],
  },
  Object {
    "Raichu": Array [
      "Alolan",
    ],
  },
  Object {
    "Sandshrew": Array [
      "Alolan",
    ],
  },
  Object {
    "Sandslash": Array [
      "Alolan",
    ],
  },
  Object {
    "Nidoran♀": Array [],
  },
  Object {
    "Nidorina": Array [],
  },
  Object {
    "Nidoqueen": Array [],
  },
  Object {
    "Nidoran♂": Array [],
  },
  Object {
    "Nidorino": Array [],
  },
  Object {
    "Nidoking": Array [],
  },
  Object {
    "Clefairy": Array [],
  },
  Object {
    "Clefable": Array [],
  },
  Object {
    "Vulpix": Array [
      "Alolan",
    ],
  },
  Object {
    "Ninetales": Array [
      "Alolan",
    ],
  },
  Object {
    "Jigglypuff": Array [],
  },
  Object {
    "Wigglytuff": Array [],
  },
  Object {
    "Zubat": Array [],
  },
  Object {
    "Golbat": Array [],
  },
  Object {
    "Oddish": Array [],
  },
  Object {
    "Gloom": Array [],
  },
  Object {
    "Vileplume": Array [],
  },
  Object {
    "Paras": Array [],
  },
  Object {
    "Parasect": Array [],
  },
  Object {
    "Venonat": Array [],
  },
  Object {
    "Venomoth": Array [],
  },
  Object {
    "Diglett": Array [
      "Alolan",
    ],
  },
  Object {
    "Dugtrio": Array [
      "Alolan",
    ],
  },
  Object {
    "Meowth": Array [
      "Alolan",
      "Galarian",
    ],
  },
  Object {
    "Persian": Array [
      "Alolan",
    ],
  },
  Object {
    "Psyduck": Array [],
  },
  Object {
    "Golduck": Array [],
  },
  Object {
    "Mankey": Array [],
  },
  Object {
    "Primeape": Array [],
  },
  Object {
    "Growlithe": Array [],
  },
  Object {
    "Arcanine": Array [],
  },
  Object {
    "Poliwag": Array [],
  },
  Object {
    "Poliwhirl": Array [],
  },
  Object {
    "Poliwrath": Array [],
  },
  Object {
    "Abra": Array [],
  },
  Object {
    "Kadabra": Array [],
  },
  Object {
    "Alakazam": Array [
      "Mega",
    ],
  },
  Object {
    "Machop": Array [],
  },
  Object {
    "Machoke": Array [],
  },
  Object {
    "Machamp": Array [
      "Gigantamax",
    ],
  },
  Object {
    "Bellsprout": Array [],
  },
  Object {
    "Weepinbell": Array [],
  },
  Object {
    "Victreebel": Array [],
  },
  Object {
    "Tentacool": Array [],
  },
  Object {
    "Tentacruel": Array [],
  },
  Object {
    "Geodude": Array [
      "Alolan",
    ],
  },
  Object {
    "Graveler": Array [
      "Alolan",
    ],
  },
  Object {
    "Golem": Array [
      "Alolan",
    ],
  },
  Object {
    "Ponyta": Array [
      "Galarian",
    ],
  },
  Object {
    "Rapidash": Array [
      "Galarian",
    ],
  },
  Object {
    "Slowpoke": Array [
      "Galarian",
    ],
  },
  Object {
    "Slowbro": Array [
      "Galarian",
    ],
  },
  Object {
    "Magnemite": Array [],
  },
  Object {
    "Magneton": Array [],
  },
  Object {
    "Farfetch'd": Array [
      "Galarian",
    ],
  },
  Object {
    "Doduo": Array [],
  },
  Object {
    "Dodrio": Array [],
  },
  Object {
    "Seel": Array [],
  },
  Object {
    "Dewgong": Array [],
  },
  Object {
    "Grimer": Array [
      "Alolan",
    ],
  },
  Object {
    "Muk": Array [
      "Alolan",
    ],
  },
  Object {
    "Shellder": Array [],
  },
  Object {
    "Cloyster": Array [],
  },
  Object {
    "Gastly": Array [],
  },
  Object {
    "Haunter": Array [],
  },
  Object {
    "Gengar": Array [
      "Mega",
      "Gigantamax",
    ],
  },
  Object {
    "Onix": Array [],
  },
  Object {
    "Drowzee": Array [],
  },
  Object {
    "Hypno": Array [],
  },
  Object {
    "Krabby": Array [],
  },
  Object {
    "Kingler": Array [
      "Gigantamax",
    ],
  },
  Object {
    "Voltorb": Array [],
  },
  Object {
    "Electrode": Array [],
  },
  Object {
    "Exeggcute": Array [],
  },
  Object {
    "Exeggutor": Array [
      "Alolan",
    ],
  },
  Object {
    "Cubone": Array [],
  },
  Object {
    "Marowak": Array [
      "Alolan",
    ],
  },
  Object {
    "Hitmonlee": Array [],
  },
  Object {
    "Hitmonchan": Array [],
  },
  Object {
    "Lickitung": Array [],
  },
  Object {
    "Koffing": Array [],
  },
  Object {
    "Weezing": Array [
      "Galarian",
    ],
  },
  Object {
    "Rhyhorn": Array [],
  },
  Object {
    "Rhydon": Array [],
  },
  Object {
    "Chansey": Array [],
  },
  Object {
    "Tangela": Array [],
  },
  Object {
    "Kangaskhan": Array [
      "Mega",
    ],
  },
  Object {
    "Horsea": Array [],
  },
  Object {
    "Seadra": Array [],
  },
  Object {
    "Goldeen": Array [],
  },
  Object {
    "Seaking": Array [],
  },
  Object {
    "Staryu": Array [],
  },
  Object {
    "Starmie": Array [],
  },
  Object {
    "Mr. Mime": Array [
      "Galarian",
    ],
  },
  Object {
    "Scyther": Array [],
  },
  Object {
    "Jynx": Array [],
  },
  Object {
    "Electabuzz": Array [],
  },
  Object {
    "Magmar": Array [],
  },
  Object {
    "Pinsir": Array [
      "Mega",
    ],
  },
  Object {
    "Tauros": Array [],
  },
  Object {
    "Magikarp": Array [],
  },
  Object {
    "Gyarados": Array [
      "Mega",
    ],
  },
  Object {
    "Lapras": Array [
      "Gigantamax",
    ],
  },
  Object {
    "Ditto": Array [],
  },
  Object {
    "Eevee": Array [
      "Gigantamax",
    ],
  },
  Object {
    "Vaporeon": Array [],
  },
  Object {
    "Jolteon": Array [],
  },
  Object {
    "Flareon": Array [],
  },
  Object {
    "Porygon": Array [],
  },
  Object {
    "Omanyte": Array [],
  },
  Object {
    "Omastar": Array [],
  },
  Object {
    "Kabuto": Array [],
  },
  Object {
    "Kabutops": Array [],
  },
  Object {
    "Aerodactyl": Array [
      "Mega",
    ],
  },
  Object {
    "Snorlax": Array [
      "Gigantamax",
    ],
  },
  Object {
    "Articuno": Array [
      "Galarian",
    ],
  },
  Object {
    "Zapdos": Array [
      "Galarian",
    ],
  },
  Object {
    "Moltres": Array [
      "Galarian",
    ],
  },
  Object {
    "Dratini": Array [],
  },
  Object {
    "Dragonair": Array [],
  },
  Object {
    "Dragonite": Array [],
  },
  Object {
    "Mewtwo": Array [
      "Mega-X",
      "Mega-Y",
    ],
  },
  Object {
    "Mew": Array [],
  },
  Object {
    "Chikorita": Array [],
  },
  Object {
    "Bayleef": Array [],
  },
  Object {
    "Meganium": Array [],
  },
  Object {
    "Cyndaquil": Array [],
  },
  Object {
    "Quilava": Array [],
  },
  Object {
    "Typhlosion": Array [],
  },
  Object {
    "Totodile": Array [],
  },
  Object {
    "Croconaw": Array [],
  },
  Object {
    "Feraligatr": Array [],
  },
  Object {
    "Sentret": Array [],
  },
  Object {
    "Furret": Array [],
  },
  Object {
    "Hoothoot": Array [],
  },
  Object {
    "Noctowl": Array [],
  },
  Object {
    "Ledyba": Array [],
  },
  Object {
    "Ledian": Array [],
  },
  Object {
    "Spinarak": Array [],
  },
  Object {
    "Ariados": Array [],
  },
  Object {
    "Crobat": Array [],
  },
  Object {
    "Chinchou": Array [],
  },
  Object {
    "Lanturn": Array [],
  },
  Object {
    "Pichu": Array [
      "Spiky-eared",
    ],
  },
  Object {
    "Cleffa": Array [],
  },
  Object {
    "Igglybuff": Array [],
  },
  Object {
    "Togepi": Array [],
  },
  Object {
    "Togetic": Array [],
  },
  Object {
    "Natu": Array [],
  },
  Object {
    "Xatu": Array [],
  },
  Object {
    "Mareep": Array [],
  },
  Object {
    "Flaaffy": Array [],
  },
  Object {
    "Ampharos": Array [
      "Mega",
    ],
  },
  Object {
    "Bellossom": Array [],
  },
  Object {
    "Marill": Array [],
  },
  Object {
    "Azumarill": Array [],
  },
  Object {
    "Sudowoodo": Array [],
  },
  Object {
    "Politoed": Array [],
  },
  Object {
    "Hoppip": Array [],
  },
  Object {
    "Skiploom": Array [],
  },
  Object {
    "Jumpluff": Array [],
  },
  Object {
    "Aipom": Array [],
  },
  Object {
    "Sunkern": Array [],
  },
  Object {
    "Sunflora": Array [],
  },
  Object {
    "Yanma": Array [],
  },
  Object {
    "Wooper": Array [],
  },
  Object {
    "Quagsire": Array [],
  },
  Object {
    "Espeon": Array [],
  },
  Object {
    "Umbreon": Array [],
  },
  Object {
    "Murkrow": Array [],
  },
  Object {
    "Slowking": Array [
      "Galarian",
    ],
  },
  Object {
    "Misdreavus": Array [],
  },
  Object {
    "Unown": Array [
      "A",
      "B",
      "C",
      "D",
      "E",
      "F",
      "G",
      "H",
      "I",
      "J",
      "K",
      "L",
      "M",
      "N",
      "O",
      "P",
      "Q",
      "R",
      "S",
      "T",
      "U",
      "V",
      "W",
      "X",
      "Y",
      "Z",
      "!",
      "?",
    ],
  },
  Object {
    "Wobbuffet": Array [],
  },
  Object {
    "Girafarig": Array [],
  },
  Object {
    "Pineco": Array [],
  },
  Object {
    "Forretress": Array [],
  },
  Object {
    "Dunsparce": Array [],
  },
  Object {
    "Gligar": Array [],
  },
  Object {
    "Steelix": Array [
      "Mega",
    ],
  },
  Object {
    "Snubbull": Array [],
  },
  Object {
    "Granbull": Array [],
  },
  Object {
    "Qwilfish": Array [],
  },
  Object {
    "Scizor": Array [
      "Mega",
    ],
  },
  Object {
    "Shuckle": Array [],
  },
  Object {
    "Heracross": Array [
      "Mega",
    ],
  },
  Object {
    "Sneasel": Array [],
  },
  Object {
    "Teddiursa": Array [],
  },
  Object {
    "Ursaring": Array [],
  },
  Object {
    "Slugma": Array [],
  },
  Object {
    "Magcargo": Array [],
  },
  Object {
    "Swinub": Array [],
  },
  Object {
    "Piloswine": Array [],
  },
  Object {
    "Corsola": Array [
      "Galarian",
    ],
  },
  Object {
    "Remoraid": Array [],
  },
  Object {
    "Octillery": Array [],
  },
  Object {
    "Delibird": Array [],
  },
  Object {
    "Mantine": Array [],
  },
  Object {
    "Skarmory": Array [],
  },
  Object {
    "Houndour": Array [],
  },
  Object {
    "Houndoom": Array [
      "Mega",
    ],
  },
  Object {
    "Kingdra": Array [],
  },
  Object {
    "Phanpy": Array [],
  },
  Object {
    "Donphan": Array [],
  },
  Object {
    "Porygon2": Array [],
  },
  Object {
    "Stantler": Array [],
  },
  Object {
    "Smeargle": Array [],
  },
  Object {
    "Tyrogue": Array [],
  },
  Object {
    "Hitmontop": Array [],
  },
  Object {
    "Smoochum": Array [],
  },
  Object {
    "Elekid": Array [],
  },
  Object {
    "Magby": Array [],
  },
  Object {
    "Miltank": Array [],
  },
  Object {
    "Blissey": Array [],
  },
  Object {
    "Raikou": Array [],
  },
  Object {
    "Entei": Array [],
  },
  Object {
    "Suicune": Array [],
  },
  Object {
    "Larvitar": Array [],
  },
  Object {
    "Pupitar": Array [],
  },
  Object {
    "Tyranitar": Array [
      "Mega",
    ],
  },
  Object {
    "Lugia": Array [],
  },
  Object {
    "Ho-Oh": Array [],
  },
  Object {
    "Celebi": Array [],
  },
  Object {
    "Treecko": Array [],
  },
  Object {
    "Grovyle": Array [],
  },
  Object {
    "Sceptile": Array [
      "Mega",
    ],
  },
  Object {
    "Torchic": Array [],
  },
  Object {
    "Combusken": Array [],
  },
  Object {
    "Blaziken": Array [
      "Mega",
    ],
  },
  Object {
    "Mudkip": Array [],
  },
  Object {
    "Marshtomp": Array [],
  },
  Object {
    "Swampert": Array [
      "Mega",
    ],
  },
  Object {
    "Poochyena": Array [],
  },
  Object {
    "Mightyena": Array [],
  },
  Object {
    "Zigzagoon": Array [
      "Galarian",
    ],
  },
  Object {
    "Linoone": Array [
      "Galarian",
    ],
  },
  Object {
    "Wurmple": Array [],
  },
  Object {
    "Silcoon": Array [],
  },
  Object {
    "Beautifly": Array [],
  },
  Object {
    "Cascoon": Array [],
  },
  Object {
    "Dustox": Array [],
  },
  Object {
    "Lotad": Array [],
  },
  Object {
    "Lombre": Array [],
  },
  Object {
    "Ludicolo": Array [],
  },
  Object {
    "Seedot": Array [],
  },
  Object {
    "Nuzleaf": Array [],
  },
  Object {
    "Shiftry": Array [],
  },
  Object {
    "Taillow": Array [],
  },
  Object {
    "Swellow": Array [],
  },
  Object {
    "Wingull": Array [],
  },
  Object {
    "Pelipper": Array [],
  },
  Object {
    "Ralts": Array [],
  },
  Object {
    "Kirlia": Array [],
  },
  Object {
    "Gardevoir": Array [
      "Mega",
    ],
  },
  Object {
    "Surskit": Array [],
  },
  Object {
    "Masquerain": Array [],
  },
  Object {
    "Shroomish": Array [],
  },
  Object {
    "Breloom": Array [],
  },
  Object {
    "Slakoth": Array [],
  },
  Object {
    "Vigoroth": Array [],
  },
  Object {
    "Slaking": Array [],
  },
  Object {
    "Nincada": Array [],
  },
  Object {
    "Ninjask": Array [],
  },
  Object {
    "Shedinja": Array [],
  },
  Object {
    "Whismur": Array [],
  },
  Object {
    "Loudred": Array [],
  },
  Object {
    "Exploud": Array [],
  },
  Object {
    "Makuhita": Array [],
  },
  Object {
    "Hariyama": Array [],
  },
  Object {
    "Azurill": Array [],
  },
  Object {
    "Nosepass": Array [],
  },
  Object {
    "Skitty": Array [],
  },
  Object {
    "Delcatty": Array [],
  },
  Object {
    "Sableye": Array [
      "Mega",
    ],
  },
  Object {
    "Mawile": Array [
      "Mega",
    ],
  },
  Object {
    "Aron": Array [],
  },
  Object {
    "Lairon": Array [],
  },
  Object {
    "Aggron": Array [
      "Mega",
    ],
  },
  Object {
    "Meditite": Array [],
  },
  Object {
    "Medicham": Array [
      "Mega",
    ],
  },
  Object {
    "Electrike": Array [],
  },
  Object {
    "Manectric": Array [
      "Mega",
    ],
  },
  Object {
    "Plusle": Array [],
  },
  Object {
    "Minun": Array [],
  },
  Object {
    "Volbeat": Array [],
  },
  Object {
    "Illumise": Array [],
  },
  Object {
    "Roselia": Array [],
  },
  Object {
    "Gulpin": Array [],
  },
  Object {
    "Swalot": Array [],
  },
  Object {
    "Carvanha": Array [],
  },
  Object {
    "Sharpedo": Array [
      "Mega",
    ],
  },
  Object {
    "Wailmer": Array [],
  },
  Object {
    "Wailord": Array [],
  },
  Object {
    "Numel": Array [],
  },
  Object {
    "Camerupt": Array [
      "Mega",
    ],
  },
  Object {
    "Torkoal": Array [],
  },
  Object {
    "Spoink": Array [],
  },
  Object {
    "Grumpig": Array [],
  },
  Object {
    "Spinda": Array [],
  },
  Object {
    "Trapinch": Array [],
  },
  Object {
    "Vibrava": Array [],
  },
  Object {
    "Flygon": Array [],
  },
  Object {
    "Cacnea": Array [],
  },
  Object {
    "Cacturne": Array [],
  },
  Object {
    "Swablu": Array [],
  },
  Object {
    "Altaria": Array [
      "Mega",
    ],
  },
  Object {
    "Zangoose": Array [],
  },
  Object {
    "Seviper": Array [],
  },
  Object {
    "Lunatone": Array [],
  },
  Object {
    "Solrock": Array [],
  },
  Object {
    "Barboach": Array [],
  },
  Object {
    "Whiscash": Array [],
  },
  Object {
    "Corphish": Array [],
  },
  Object {
    "Crawdaunt": Array [],
  },
  Object {
    "Baltoy": Array [],
  },
  Object {
    "Claydol": Array [],
  },
  Object {
    "Lileep": Array [],
  },
  Object {
    "Cradily": Array [],
  },
  Object {
    "Anorith": Array [],
  },
  Object {
    "Armaldo": Array [],
  },
  Object {
    "Feebas": Array [],
  },
  Object {
    "Milotic": Array [],
  },
  Object {
    "Castform": Array [
      "Sunny",
      "Rainy",
      "Snowy",
    ],
  },
  Object {
    "Kecleon": Array [],
  },
  Object {
    "Shuppet": Array [],
  },
  Object {
    "Banette": Array [
      "Mega",
    ],
  },
  Object {
    "Duskull": Array [],
  },
  Object {
    "Dusclops": Array [],
  },
  Object {
    "Tropius": Array [],
  },
  Object {
    "Chimecho": Array [],
  },
  Object {
    "Absol": Array [
      "Mega",
    ],
  },
  Object {
    "Wynaut": Array [],
  },
  Object {
    "Snorunt": Array [],
  },
  Object {
    "Glalie": Array [
      "Mega",
    ],
  },
  Object {
    "Spheal": Array [],
  },
  Object {
    "Sealeo": Array [],
  },
  Object {
    "Walrein": Array [],
  },
  Object {
    "Clamperl": Array [],
  },
  Object {
    "Huntail": Array [],
  },
  Object {
    "Gorebyss": Array [],
  },
  Object {
    "Relicanth": Array [],
  },
  Object {
    "Luvdisc": Array [],
  },
  Object {
    "Bagon": Array [],
  },
  Object {
    "Shelgon": Array [],
  },
  Object {
    "Salamence": Array [
      "Mega",
    ],
  },
  Object {
    "Beldum": Array [],
  },
  Object {
    "Metang": Array [],
  },
  Object {
    "Metagross": Array [
      "Mega",
    ],
  },
  Object {
    "Regirock": Array [],
  },
  Object {
    "Regice": Array [],
  },
  Object {
    "Registeel": Array [],
  },
  Object {
    "Latias": Array [
      "Mega",
    ],
  },
  Object {
    "Latios": Array [
      "Mega",
    ],
  },
  Object {
    "Kyogre": Array [
      "Primal",
    ],
  },
  Object {
    "Groudon": Array [
      "Primal",
    ],
  },
  Object {
    "Rayquaza": Array [
      "Mega",
    ],
  },
  Object {
    "Jirachi": Array [],
  },
  Object {
    "Deoxys": Array [
      "Attack",
      "Defense",
      "Speed",
    ],
  },
  Object {
    "Turtwig": Array [],
  },
  Object {
    "Grotle": Array [],
  },
  Object {
    "Torterra": Array [],
  },
  Object {
    "Chimchar": Array [],
  },
  Object {
    "Monferno": Array [],
  },
  Object {
    "Infernape": Array [],
  },
  Object {
    "Piplup": Array [],
  },
  Object {
    "Prinplup": Array [],
  },
  Object {
    "Empoleon": Array [],
  },
  Object {
    "Starly": Array [],
  },
  Object {
    "Staravia": Array [],
  },
  Object {
    "Staraptor": Array [],
  },
  Object {
    "Bidoof": Array [],
  },
  Object {
    "Bibarel": Array [],
  },
  Object {
    "Kricketot": Array [],
  },
  Object {
    "Kricketune": Array [],
  },
  Object {
    "Shinx": Array [],
  },
  Object {
    "Luxio": Array [],
  },
  Object {
    "Luxray": Array [],
  },
  Object {
    "Budew": Array [],
  },
  Object {
    "Roserade": Array [],
  },
  Object {
    "Cranidos": Array [],
  },
  Object {
    "Rampardos": Array [],
  },
  Object {
    "Shieldon": Array [],
  },
  Object {
    "Bastiodon": Array [],
  },
  Object {
    "Burmy": Array [
      "Plant",
      "Sandy",
      "Trash",
    ],
  },
  Object {
    "Wormadam": Array [
      "Plant",
      "Sandy",
      "Trash",
    ],
  },
  Object {
    "Mothim": Array [],
  },
  Object {
    "Combee": Array [],
  },
  Object {
    "Vespiquen": Array [],
  },
  Object {
    "Pachirisu": Array [],
  },
  Object {
    "Buizel": Array [],
  },
  Object {
    "Floatzel": Array [],
  },
  Object {
    "Cherubi": Array [],
  },
  Object {
    "Cherrim": Array [],
  },
  Object {
    "Shellos": Array [
      "West Sea",
      "East Sea",
    ],
  },
  Object {
    "Gastrodon": Array [
      "West Sea",
      "East Sea",
    ],
  },
  Object {
    "Ambipom": Array [],
  },
  Object {
    "Drifloon": Array [],
  },
  Object {
    "Drifblim": Array [],
  },
  Object {
    "Buneary": Array [],
  },
  Object {
    "Lopunny": Array [
      "Mega",
    ],
  },
  Object {
    "Mismagius": Array [],
  },
  Object {
    "Honchkrow": Array [],
  },
  Object {
    "Glameow": Array [],
  },
  Object {
    "Purugly": Array [],
  },
  Object {
    "Chingling": Array [],
  },
  Object {
    "Stunky": Array [],
  },
  Object {
    "Skuntank": Array [],
  },
  Object {
    "Bronzor": Array [],
  },
  Object {
    "Bronzong": Array [],
  },
  Object {
    "Bonsly": Array [],
  },
  Object {
    "Mime Jr.": Array [],
  },
  Object {
    "Happiny": Array [],
  },
  Object {
    "Chatot": Array [],
  },
  Object {
    "Spiritomb": Array [],
  },
  Object {
    "Gible": Array [],
  },
  Object {
    "Gabite": Array [],
  },
  Object {
    "Garchomp": Array [
      "Mega",
    ],
  },
  Object {
    "Munchlax": Array [],
  },
  Object {
    "Riolu": Array [],
  },
  Object {
    "Lucario": Array [
      "Mega",
    ],
  },
  Object {
    "Hippopotas": Array [],
  },
  Object {
    "Hippowdon": Array [],
  },
  Object {
    "Skorupi": Array [],
  },
  Object {
    "Drapion": Array [],
  },
  Object {
    "Croagunk": Array [],
  },
  Object {
    "Toxicroak": Array [],
  },
  Object {
    "Carnivine": Array [],
  },
  Object {
    "Finneon": Array [],
  },
  Object {
    "Lumineon": Array [],
  },
  Object {
    "Mantyke": Array [],
  },
  Object {
    "Snover": Array [],
  },
  Object {
    "Abomasnow": Array [
      "Mega",
    ],
  },
  Object {
    "Weavile": Array [],
  },
  Object {
    "Magnezone": Array [],
  },
  Object {
    "Lickilicky": Array [],
  },
  Object {
    "Rhyperior": Array [],
  },
  Object {
    "Tangrowth": Array [],
  },
  Object {
    "Electivire": Array [],
  },
  Object {
    "Magmortar": Array [],
  },
  Object {
    "Togekiss": Array [],
  },
  Object {
    "Yanmega": Array [],
  },
  Object {
    "Leafeon": Array [],
  },
  Object {
    "Glaceon": Array [],
  },
  Object {
    "Gliscor": Array [],
  },
  Object {
    "Mamoswine": Array [],
  },
  Object {
    "Porygon-Z": Array [],
  },
  Object {
    "Gallade": Array [
      "Mega",
    ],
  },
  Object {
    "Probopass": Array [],
  },
  Object {
    "Dusknoir": Array [],
  },
  Object {
    "Froslass": Array [],
  },
  Object {
    "Rotom": Array [
      "Heat",
      "Wash",
      "Frost",
      "Fan",
      "Mow",
    ],
  },
  Object {
    "Uxie": Array [],
  },
  Object {
    "Mesprit": Array [],
  },
  Object {
    "Azelf": Array [],
  },
  Object {
    "Dialga": Array [],
  },
  Object {
    "Palkia": Array [],
  },
  Object {
    "Heatran": Array [],
  },
  Object {
    "Regigigas": Array [],
  },
  Object {
    "Giratina": Array [
      "Altered",
      "Origin",
    ],
  },
  Object {
    "Cresselia": Array [],
  },
  Object {
    "Phione": Array [],
  },
  Object {
    "Manaphy": Array [],
  },
  Object {
    "Darkrai": Array [],
  },
  Object {
    "Shaymin": Array [
      "Land",
      "Sky",
    ],
  },
  Object {
    "Arceus": Array [],
  },
  Object {
    "Victini": Array [],
  },
  Object {
    "Snivy": Array [],
  },
  Object {
    "Servine": Array [],
  },
  Object {
    "Serperior": Array [],
  },
  Object {
    "Tepig": Array [],
  },
  Object {
    "Pignite": Array [],
  },
  Object {
    "Emboar": Array [],
  },
  Object {
    "Oshawott": Array [],
  },
  Object {
    "Dewott": Array [],
  },
  Object {
    "Samurott": Array [],
  },
  Object {
    "Patrat": Array [],
  },
  Object {
    "Watchog": Array [],
  },
  Object {
    "Lillipup": Array [],
  },
  Object {
    "Herdier": Array [],
  },
  Object {
    "Stoutland": Array [],
  },
  Object {
    "Purrloin": Array [],
  },
  Object {
    "Liepard": Array [],
  },
  Object {
    "Pansage": Array [],
  },
  Object {
    "Simisage": Array [],
  },
  Object {
    "Pansear": Array [],
  },
  Object {
    "Simisear": Array [],
  },
  Object {
    "Panpour": Array [],
  },
  Object {
    "Simipour": Array [],
  },
  Object {
    "Munna": Array [],
  },
  Object {
    "Musharna": Array [],
  },
  Object {
    "Pidove": Array [],
  },
  Object {
    "Tranquill": Array [],
  },
  Object {
    "Unfezant": Array [],
  },
  Object {
    "Blitzle": Array [],
  },
  Object {
    "Zebstrika": Array [],
  },
  Object {
    "Roggenrola": Array [],
  },
  Object {
    "Boldore": Array [],
  },
  Object {
    "Gigalith": Array [],
  },
  Object {
    "Woobat": Array [],
  },
  Object {
    "Swoobat": Array [],
  },
  Object {
    "Drilbur": Array [],
  },
  Object {
    "Excadrill": Array [],
  },
  Object {
    "Audino": Array [
      "Mega",
    ],
  },
  Object {
    "Timburr": Array [],
  },
  Object {
    "Gurdurr": Array [],
  },
  Object {
    "Conkeldurr": Array [],
  },
  Object {
    "Tympole": Array [],
  },
  Object {
    "Palpitoad": Array [],
  },
  Object {
    "Seismitoad": Array [],
  },
  Object {
    "Throh": Array [],
  },
  Object {
    "Sawk": Array [],
  },
  Object {
    "Sewaddle": Array [],
  },
  Object {
    "Swadloon": Array [],
  },
  Object {
    "Leavanny": Array [],
  },
  Object {
    "Venipede": Array [],
  },
  Object {
    "Whirlipede": Array [],
  },
  Object {
    "Scolipede": Array [],
  },
  Object {
    "Cottonee": Array [],
  },
  Object {
    "Whimsicott": Array [],
  },
  Object {
    "Petilil": Array [],
  },
  Object {
    "Lilligant": Array [],
  },
  Object {
    "Basculin": Array [
      "Red-Striped",
      "Blue-Striped",
    ],
  },
  Object {
    "Sandile": Array [],
  },
  Object {
    "Krokorok": Array [],
  },
  Object {
    "Krookodile": Array [],
  },
  Object {
    "Darumaka": Array [
      "Galarian",
    ],
  },
  Object {
    "Darmanitan": Array [
      "Galarian",
    ],
  },
  Object {
    "Maractus": Array [],
  },
  Object {
    "Dwebble": Array [],
  },
  Object {
    "Crustle": Array [],
  },
  Object {
    "Scraggy": Array [],
  },
  Object {
    "Scrafty": Array [],
  },
  Object {
    "Sigilyph": Array [],
  },
  Object {
    "Yamask": Array [
      "Galarian",
    ],
  },
  Object {
    "Cofagrigus": Array [],
  },
  Object {
    "Tirtouga": Array [],
  },
  Object {
    "Carracosta": Array [],
  },
  Object {
    "Archen": Array [],
  },
  Object {
    "Archeops": Array [],
  },
  Object {
    "Trubbish": Array [],
  },
  Object {
    "Garbodor": Array [
      "Gigantamax",
    ],
  },
  Object {
    "Zorua": Array [],
  },
  Object {
    "Zoroark": Array [],
  },
  Object {
    "Minccino": Array [],
  },
  Object {
    "Cinccino": Array [],
  },
  Object {
    "Gothita": Array [],
  },
  Object {
    "Gothorita": Array [],
  },
  Object {
    "Gothitelle": Array [],
  },
  Object {
    "Solosis": Array [],
  },
  Object {
    "Duosion": Array [],
  },
  Object {
    "Reuniclus": Array [],
  },
  Object {
    "Ducklett": Array [],
  },
  Object {
    "Swanna": Array [],
  },
  Object {
    "Vanillite": Array [],
  },
  Object {
    "Vanillish": Array [],
  },
  Object {
    "Vanilluxe": Array [],
  },
  Object {
    "Deerling": Array [
      "Spring",
      "Summer",
      "Autumn",
      "Winter",
    ],
  },
  Object {
    "Sawsbuck": Array [
      "Spring",
      "Summer",
      "Autumn",
      "Winter",
    ],
  },
  Object {
    "Emolga": Array [],
  },
  Object {
    "Karrablast": Array [],
  },
  Object {
    "Escavalier": Array [],
  },
  Object {
    "Foongus": Array [],
  },
  Object {
    "Amoonguss": Array [],
  },
  Object {
    "Frillish": Array [],
  },
  Object {
    "Jellicent": Array [],
  },
  Object {
    "Alomomola": Array [],
  },
  Object {
    "Joltik": Array [],
  },
  Object {
    "Galvantula": Array [],
  },
  Object {
    "Ferroseed": Array [],
  },
  Object {
    "Ferrothorn": Array [],
  },
  Object {
    "Klink": Array [],
  },
  Object {
    "Klang": Array [],
  },
  Object {
    "Klinklang": Array [],
  },
  Object {
    "Tynamo": Array [],
  },
  Object {
    "Eelektrik": Array [],
  },
  Object {
    "Eelektross": Array [],
  },
  Object {
    "Elgyem": Array [],
  },
  Object {
    "Beheeyem": Array [],
  },
  Object {
    "Litwick": Array [],
  },
  Object {
    "Lampent": Array [],
  },
  Object {
    "Chandelure": Array [],
  },
  Object {
    "Axew": Array [],
  },
  Object {
    "Fraxure": Array [],
  },
  Object {
    "Haxorus": Array [],
  },
  Object {
    "Cubchoo": Array [],
  },
  Object {
    "Beartic": Array [],
  },
  Object {
    "Cryogonal": Array [],
  },
  Object {
    "Shelmet": Array [],
  },
  Object {
    "Accelgor": Array [],
  },
  Object {
    "Stunfisk": Array [
      "Galarian",
    ],
  },
  Object {
    "Mienfoo": Array [],
  },
  Object {
    "Mienshao": Array [],
  },
  Object {
    "Druddigon": Array [],
  },
  Object {
    "Golett": Array [],
  },
  Object {
    "Golurk": Array [],
  },
  Object {
    "Pawniard": Array [],
  },
  Object {
    "Bisharp": Array [],
  },
  Object {
    "Bouffalant": Array [],
  },
  Object {
    "Rufflet": Array [],
  },
  Object {
    "Braviary": Array [],
  },
  Object {
    "Vullaby": Array [],
  },
  Object {
    "Mandibuzz": Array [],
  },
  Object {
    "Heatmor": Array [],
  },
  Object {
    "Durant": Array [],
  },
  Object {
    "Deino": Array [],
  },
  Object {
    "Zweilous": Array [],
  },
  Object {
    "Hydreigon": Array [],
  },
  Object {
    "Larvesta": Array [],
  },
  Object {
    "Volcarona": Array [],
  },
  Object {
    "Cobalion": Array [],
  },
  Object {
    "Terrakion": Array [],
  },
  Object {
    "Virizion": Array [],
  },
  Object {
    "Tornadus": Array [
      "Incarnate",
      "Therian",
    ],
  },
  Object {
    "Thundurus": Array [
      "Incarnate",
      "Therian",
    ],
  },
  Object {
    "Reshiram": Array [],
  },
  Object {
    "Zekrom": Array [],
  },
  Object {
    "Landorus": Array [
      "Incarnate",
      "Therian",
    ],
  },
  Object {
    "Kyurem": Array [
      "White",
      "Black",
    ],
  },
  Object {
    "Keldeo": Array [
      "Resolute",
    ],
  },
  Object {
    "Meloetta": Array [
      "Aria",
      "Pirouette",
    ],
  },
  Object {
    "Genesect": Array [
      "Shock Drive",
      "Burn Drive",
      "Chill Drive",
      "Douse Drive",
    ],
  },
  Object {
    "Chespin": Array [],
  },
  Object {
    "Quilladin": Array [],
  },
  Object {
    "Chesnaught": Array [],
  },
  Object {
    "Fennekin": Array [],
  },
  Object {
    "Braixen": Array [],
  },
  Object {
    "Delphox": Array [],
  },
  Object {
    "Froakie": Array [],
  },
  Object {
    "Frogadier": Array [],
  },
  Object {
    "Greninja": Array [],
  },
  Object {
    "Bunnelby": Array [],
  },
  Object {
    "Diggersby": Array [],
  },
  Object {
    "Fletchling": Array [],
  },
  Object {
    "Fletchinder": Array [],
  },
  Object {
    "Talonflame": Array [],
  },
  Object {
    "Scatterbug": Array [],
  },
  Object {
    "Spewpa": Array [],
  },
  Object {
    "Vivillon": Array [],
  },
  Object {
    "Litleo": Array [],
  },
  Object {
    "Pyroar": Array [],
  },
  Object {
    "Flabébé": Array [
      "Red",
      "Yellow",
      "Orange",
      "Blue",
      "White",
    ],
  },
  Object {
    "Floette": Array [
      "Red",
      "Yellow",
      "Orange",
      "Blue",
      "White",
    ],
  },
  Object {
    "Florges": Array [
      "Red",
      "Yellow",
      "Orange",
      "Blue",
      "White",
    ],
  },
  Object {
    "Skiddo": Array [],
  },
  Object {
    "Gogoat": Array [],
  },
  Object {
    "Pancham": Array [],
  },
  Object {
    "Pangoro": Array [],
  },
  Object {
    "Furfrou": Array [
      "Heart",
      "Diamond",
      "Star",
      "Pharaoh",
      "Kabuki",
      "La Reine",
      "Matron",
      "Dandy",
      "Debutante",
    ],
  },
  Object {
    "Espurr": Array [],
  },
  Object {
    "Meowstic": Array [],
  },
  Object {
    "Honedge": Array [],
  },
  Object {
    "Doublade": Array [],
  },
  Object {
    "Aegislash": Array [],
  },
  Object {
    "Spritzee": Array [],
  },
  Object {
    "Aromatisse": Array [],
  },
  Object {
    "Swirlix": Array [],
  },
  Object {
    "Slurpuff": Array [],
  },
  Object {
    "Inkay": Array [],
  },
  Object {
    "Malamar": Array [],
  },
  Object {
    "Binacle": Array [],
  },
  Object {
    "Barbaracle": Array [],
  },
  Object {
    "Skrelp": Array [],
  },
  Object {
    "Dragalge": Array [],
  },
  Object {
    "Clauncher": Array [],
  },
  Object {
    "Clawitzer": Array [],
  },
  Object {
    "Helioptile": Array [],
  },
  Object {
    "Heliolisk": Array [],
  },
  Object {
    "Tyrunt": Array [],
  },
  Object {
    "Tyrantrum": Array [],
  },
  Object {
    "Amaura": Array [],
  },
  Object {
    "Aurorus": Array [],
  },
  Object {
    "Sylveon": Array [],
  },
  Object {
    "Hawlucha": Array [],
  },
  Object {
    "Dedenne": Array [],
  },
  Object {
    "Carbink": Array [],
  },
  Object {
    "Goomy": Array [],
  },
  Object {
    "Sliggoo": Array [],
  },
  Object {
    "Goodra": Array [],
  },
  Object {
    "Klefki": Array [],
  },
  Object {
    "Phantump": Array [],
  },
  Object {
    "Trevenant": Array [],
  },
  Object {
    "Pumpkaboo": Array [],
  },
  Object {
    "Gourgeist": Array [],
  },
  Object {
    "Bergmite": Array [],
  },
  Object {
    "Avalugg": Array [],
  },
  Object {
    "Noibat": Array [],
  },
  Object {
    "Noivern": Array [],
  },
  Object {
    "Xerneas": Array [],
  },
  Object {
    "Yveltal": Array [],
  },
  Object {
    "Zygarde": Array [
      "10%",
      "Complete",
    ],
  },
  Object {
    "Diancie": Array [
      "Mega",
    ],
  },
  Object {
    "Hoopa": Array [
      "Confined",
      "Unbound",
    ],
  },
  Object {
    "Volcanion": Array [],
  },
  Object {
    "Rowlet": Array [],
  },
  Object {
    "Dartrix": Array [],
  },
  Object {
    "Decidueye": Array [],
  },
  Object {
    "Litten": Array [],
  },
  Object {
    "Torracat": Array [],
  },
  Object {
    "Incineroar": Array [],
  },
  Object {
    "Popplio": Array [],
  },
  Object {
    "Brionne": Array [],
  },
  Object {
    "Primarina": Array [],
  },
  Object {
    "Pikipek": Array [],
  },
  Object {
    "Trumbeak": Array [],
  },
  Object {
    "Toucannon": Array [],
  },
  Object {
    "Yungoos": Array [],
  },
  Object {
    "Gumshoos": Array [],
  },
  Object {
    "Grubbin": Array [],
  },
  Object {
    "Charjabug": Array [],
  },
  Object {
    "Vikavolt": Array [],
  },
  Object {
    "Crabrawler": Array [],
  },
  Object {
    "Crabominable": Array [],
  },
  Object {
    "Oricorio": Array [
      "Baile",
      "Pom-Pom",
      "Pa'u",
      "Sensu",
    ],
  },
  Object {
    "Cutiefly": Array [],
  },
  Object {
    "Ribombee": Array [],
  },
  Object {
    "Rockruff": Array [],
  },
  Object {
    "Lycanroc": Array [
      "Midday",
      "Midnight",
      "Dusk",
    ],
  },
  Object {
    "Wishiwashi": Array [
      "Solo",
      "School",
    ],
  },
  Object {
    "Mareanie": Array [],
  },
  Object {
    "Toxapex": Array [],
  },
  Object {
    "Mudbray": Array [],
  },
  Object {
    "Mudsdale": Array [],
  },
  Object {
    "Dewpider": Array [],
  },
  Object {
    "Araquanid": Array [],
  },
  Object {
    "Fomantis": Array [],
  },
  Object {
    "Lurantis": Array [],
  },
  Object {
    "Morelull": Array [],
  },
  Object {
    "Shiinotic": Array [],
  },
  Object {
    "Salandit": Array [],
  },
  Object {
    "Salazzle": Array [],
  },
  Object {
    "Stufful": Array [],
  },
  Object {
    "Bewear": Array [],
  },
  Object {
    "Bounsweet": Array [],
  },
  Object {
    "Steenee": Array [],
  },
  Object {
    "Tsareena": Array [],
  },
  Object {
    "Comfey": Array [],
  },
  Object {
    "Oranguru": Array [],
  },
  Object {
    "Passimian": Array [],
  },
  Object {
    "Wimpod": Array [],
  },
  Object {
    "Golisopod": Array [],
  },
  Object {
    "Sandygast": Array [],
  },
  Object {
    "Palossand": Array [],
  },
  Object {
    "Pyukumuku": Array [],
  },
  Object {
    "Type: Null": Array [],
  },
  Object {
    "Silvally": Array [],
  },
  Object {
    "Minior": Array [],
  },
  Object {
    "Komala": Array [],
  },
  Object {
    "Turtonator": Array [],
  },
  Object {
    "Togedemaru": Array [],
  },
  Object {
    "Mimikyu": Array [],
  },
  Object {
    "Bruxish": Array [],
  },
  Object {
    "Drampa": Array [],
  },
  Object {
    "Dhelmise": Array [],
  },
  Object {
    "Jangmo-o": Array [],
  },
  Object {
    "Hakamo-o": Array [],
  },
  Object {
    "Kommo-o": Array [],
  },
  Object {
    "Tapu Koko": Array [],
  },
  Object {
    "Tapu Lele": Array [],
  },
  Object {
    "Tapu Bulu": Array [],
  },
  Object {
    "Tapu Fini": Array [],
  },
  Object {
    "Cosmog": Array [],
  },
  Object {
    "Cosmoem": Array [],
  },
  Object {
    "Solgaleo": Array [],
  },
  Object {
    "Lunala": Array [],
  },
  Object {
    "Nihilego": Array [],
  },
  Object {
    "Buzzwole": Array [],
  },
  Object {
    "Pheromosa": Array [],
  },
  Object {
    "Xurkitree": Array [],
  },
  Object {
    "Celesteela": Array [],
  },
  Object {
    "Kartana": Array [],
  },
  Object {
    "Guzzlord": Array [],
  },
  Object {
    "Necrozma": Array [
      "Dusk Mane",
      "Dawn Wings",
      "Ultra",
    ],
  },
  Object {
    "Magearna": Array [],
  },
  Object {
    "Marshadow": Array [],
  },
  Object {
    "Poipole": Array [],
  },
  Object {
    "Naganadel": Array [],
  },
  Object {
    "Stakataka": Array [],
  },
  Object {
    "Blacephalon": Array [],
  },
  Object {
    "Zeraora": Array [],
  },
  Object {
    "Meltan": Array [],
  },
  Object {
    "Melmetal": Array [
      "Gigantamax",
    ],
  },
  Object {
    "Grookey": Array [],
  },
  Object {
    "Thwackey": Array [],
  },
  Object {
    "Rillaboom": Array [],
  },
  Object {
    "Scorbunny": Array [],
  },
  Object {
    "Raboot": Array [],
  },
  Object {
    "Cinderace": Array [],
  },
  Object {
    "Sobble": Array [],
  },
  Object {
    "Drizzile": Array [],
  },
  Object {
    "Inteleon": Array [],
  },
  Object {
    "Skwovet": Array [],
  },
  Object {
    "Greedent": Array [],
  },
  Object {
    "Rookidee": Array [],
  },
  Object {
    "Corvisquire": Array [],
  },
  Object {
    "Corviknight": Array [],
  },
  Object {
    "Blipbug": Array [],
  },
  Object {
    "Dottler": Array [],
  },
  Object {
    "Orbeetle": Array [
      "Gigantamax",
    ],
  },
  Object {
    "Nickit": Array [],
  },
  Object {
    "Thievul": Array [],
  },
  Object {
    "Gossifleur": Array [],
  },
  Object {
    "Eldegoss": Array [],
  },
  Object {
    "Wooloo": Array [],
  },
  Object {
    "Dubwool": Array [],
  },
  Object {
    "Chewtle": Array [],
  },
  Object {
    "Drednaw": Array [
      "Gigantamax",
    ],
  },
  Object {
    "Yamper": Array [],
  },
  Object {
    "Boltund": Array [],
  },
  Object {
    "Rolycoly": Array [],
  },
  Object {
    "Carkol": Array [],
  },
  Object {
    "Coalossal": Array [
      "Gigantamax",
    ],
  },
  Object {
    "Applin": Array [],
  },
  Object {
    "Flapple": Array [
      "Gigantamax",
    ],
  },
  Object {
    "Appletun": Array [
      "Gigantamax",
    ],
  },
  Object {
    "Silicobra": Array [],
  },
  Object {
    "Sandaconda": Array [
      "Gigantamax",
    ],
  },
  Object {
    "Cramorant": Array [],
  },
  Object {
    "Arrokuda": Array [],
  },
  Object {
    "Barraskewda": Array [],
  },
  Object {
    "Toxel": Array [],
  },
  Object {
    "Toxtricity": Array [
      "Amped-Up",
      "Lowkey",
      "Gigantamax",
    ],
  },
  Object {
    "Sizzlipede": Array [],
  },
  Object {
    "Centiskorch": Array [
      "Gigantamax",
    ],
  },
  Object {
    "Clobbopus": Array [],
  },
  Object {
    "Grapploct": Array [],
  },
  Object {
    "Sinistea": Array [],
  },
  Object {
    "Polteageist": Array [],
  },
  Object {
    "Hatenna": Array [],
  },
  Object {
    "Hattrem": Array [],
  },
  Object {
    "Hattrene": Array [],
  },
  Object {
    "Impidimp": Array [],
  },
  Object {
    "Morgrem": Array [],
  },
  Object {
    "Grimmsnarl": Array [
      "Gigantamax",
    ],
  },
  Object {
    "Obstagoon": Array [],
  },
  Object {
    "Perrserker": Array [],
  },
  Object {
    "Cursola": Array [],
  },
  Object {
    "Sirfetch'd": Array [],
  },
  Object {
    "Mr. Rime": Array [],
  },
  Object {
    "Runerigus": Array [],
  },
  Object {
    "Milcery": Array [],
  },
  Object {
    "Alcremie": Array [
      "Vanilla Cream",
      "Matcha Cream",
      "Ruby Cream",
      "Mint Cream",
      "Lemon Cream",
      "Salted Cream",
      "Ruby Swirl",
      "Caramel Swirl",
      "Rainbow Swirl",
    ],
  },
  Object {
    "Falinks": Array [],
  },
  Object {
    "Pincurchin": Array [],
  },
  Object {
    "Snom": Array [],
  },
  Object {
    "Frosmoth": Array [],
  },
  Object {
    "Stonjourner": Array [],
  },
  Object {
    "Eiscue": Array [],
  },
  Object {
    "Indeedee": Array [],
  },
  Object {
    "Morpeko": Array [],
  },
  Object {
    "Cufant": Array [],
  },
  Object {
    "Copperajah": Array [
      "Gigantamax",
    ],
  },
  Object {
    "Dracozolt": Array [],
  },
  Object {
    "Arctozolt": Array [],
  },
  Object {
    "Dracovish": Array [],
  },
  Object {
    "Arctovish": Array [],
  },
  Object {
    "Duralodon": Array [
      "Gigantamax",
    ],
  },
  Object {
    "Dreepy": Array [],
  },
  Object {
    "Drakloak": Array [],
  },
  Object {
    "Dragapult": Array [],
  },
  Object {
    "Zacian": Array [],
  },
  Object {
    "Zamazenta": Array [],
  },
  Object {
    "Eternatus": Array [],
  },
  Object {
    "Kubfu": Array [],
  },
  Object {
    "Urshifu": Array [
      "Single Strike",
      "Rapid Strike",
      "Single Strike Gigantamax",
      "Rapid Strike Gigantamax",
    ],
  },
  Object {
    "Zarude": Array [],
  },
  Object {
    "Regidrago": Array [],
  },
  Object {
    "Regieleki": Array [],
  },
]
`;
